core_cm3.h:1511:22:__NVIC_EnableIRQ	16	static
main.c:94:13:process_ms	4	static
main.c:105:7:main	16	static
main.c:198:6:EXTI15_10_IRQHandler	8	static
main.c:210:10:param	48	static
main.c:262:6:go_to	24	static
main.c:267:6:rotate	24	static
main.c:301:6:affiche_digit	24	static
main.c:312:9:lecture_pot	24	static
main.c:326:8:readButton_G	8	static
main.c:331:8:readButton_D	8	static
main.c:344:6:SystemClock_Config	72	static
main.c:383:13:MX_I2C1_Init	8	static
main.c:417:13:MX_GPIO_Init	40	static
main.c:446:6:Error_Handler	4	static
