core_cm3.h:1511:22:__NVIC_EnableIRQ	16	static
main.c:100:13:process_ms	4	static
main.c:119:7:main	16	static
main.c:211:6:remise_heure	8	static
main.c:215:6:clock_nominal	8	static
main.c:230:6:timer_nominal	8	static
main.c:247:6:EXTI15_10_IRQHandler	8	static
main.c:259:10:param	48	static
main.c:315:6:go_to	24	static
main.c:333:6:rotate	32	static
main.c:367:6:affiche_digit	24	static
main.c:376:6:affiche_debug	16	static
main.c:391:9:lecture_pot	24	static
main.c:405:8:readButton_G	8	static
main.c:410:8:readButton_D	8	static
main.c:423:6:SystemClock_Config	72	static
main.c:462:13:MX_I2C1_Init	8	static
main.c:496:13:MX_GPIO_Init	40	static
main.c:525:6:Error_Handler	4	static
