core_cm3.h:1511:22:__NVIC_EnableIRQ	16	static
core_cm3.h:1547:22:__NVIC_DisableIRQ	16	static,ignoring_inline_asm
core_cm3.h:1762:34:__NVIC_SystemReset	4	static,ignoring_inline_asm
stm32f1_uart.c:90:6:UART_demo	16	static
stm32f1_uart.c:136:6:UART_init	16	static
stm32f1_uart.c:185:6:UART_DeInit	16	static
stm32f1_uart.c:198:8:UART_data_ready	16	static
stm32f1_uart.c:209:9:UART_get_next_byte	24	static
stm32f1_uart.c:236:9:UART_getc	16	static
stm32f1_uart.c:249:9:UART_getc_blocking	24	static
stm32f1_uart.c:271:10:UART_gets	40	static
stm32f1_uart.c:292:10:UART_gets_blocking	40	static
stm32f1_uart.c:314:6:UART_putc	24	static
stm32f1_uart.c:335:6:UART_puts	32	static
stm32f1_uart.c:358:6:UART_impolite_force_puts_on_uart	32	static
stm32f1_uart.c:375:6:UART_test	16	static
stm32f1_uart.c:405:6:USART1_IRQHandler	8	static
stm32f1_uart.c:410:6:USART2_IRQHandler	8	static
stm32f1_uart.c:415:6:USART3_IRQHandler	8	static
stm32f1_uart.c:427:6:HAL_UART_RxCpltCallback	24	static
stm32f1_uart.c:445:6:HAL_UART_MspInit	56	static
stm32f1_uart.c:504:6:HAL_UART_ErrorCallback	16	static
