core_cm3.h:1511:22:__NVIC_EnableIRQ	16	static
core_cm3.h:1547:22:__NVIC_DisableIRQ	16	static,ignoring_inline_asm
stm32f1_extit.c:20:6:EXTIT_set_callback	24	static
stm32f1_extit.c:30:6:EXTIT_enable	16	static
stm32f1_extit.c:53:6:EXTIT_disable	16	static
stm32f1_extit.c:81:9:EXTI_gpiopin_to_pin_number	24	static
stm32f1_extit.c:108:6:EXTI_ack_it	24	static
stm32f1_extit.c:120:13:EXTI_call	24	static
stm32f1_extit.c:137:6:EXTI0_IRQHandler	8	static
stm32f1_extit.c:142:6:EXTI1_IRQHandler	8	static
stm32f1_extit.c:147:6:EXTI2_IRQHandler	8	static
stm32f1_extit.c:152:6:EXTI3_IRQHandler	8	static
stm32f1_extit.c:157:6:EXTI4_IRQHandler	8	static
stm32f1_extit.c:163:6:EXTI9_5_IRQHandler	8	static
