core_cm3.h:1762:34:__NVIC_SystemReset	4	static,ignoring_inline_asm
stm32f1_sys.c:41:6:HAL_MspInit	8	static
stm32f1_sys.c:47:6:SYS_NVIC_PriorityGrouping	8	static
stm32f1_sys.c:54:6:Delay_ms	16	static
stm32f1_sys.c:98:6:SYS_ClockConfig	88	static
stm32f1_sys.c:165:6:SYS_la_fonction_qui_fou_la_merde	4	static,ignoring_inline_asm
unistd.h:18:6:_exit	16	static
stm32f1_sys.c:205:5:_open	12	static
stm32f1_sys.c:212:5:_close	16	static
stm32f1_sys.c:230:5:_execve	24	static
stm32f1_sys.c:240:5:_fork	8	static
stm32f1_sys.c:252:5:_fstat	16	static
stm32f1_sys.c:262:5:_getpid	4	static
stm32f1_sys.c:271:5:_isatty	16	static
stm32f1_sys.c:289:5:_kill	16	static
stm32f1_sys.c:299:5:_link	16	static
stm32f1_sys.c:309:5:_lseek	24	static
stm32f1_sys.c:360:9:_sbrk	24	static
stm32f1_sys.c:384:8:_sbrk_r	24	static
stm32f1_sys.c:396:6:malloc_test	184	static
stm32f1_sys.c:431:6:SYS_set_std_usart	16	static
stm32f1_sys.c:446:5:_read	40	static
stm32f1_sys.c:475:5:_stat	16	static
stm32f1_sys.c:485:9:_times	16	static
stm32f1_sys.c:494:5:_unlink	16	static
stm32f1_sys.c:504:5:_wait	16	static
stm32f1_sys.c:515:5:_write	32	static
stm32f1_sys.c:551:10:dump_printf	272	static
stm32f1_sys.c:569:6:assert_failed	16	static
stm32f1_sys.c:576:6:dump_trap_info	32	static,ignoring_inline_asm
stm32f1_sys.c:640:29:Fault_Handler	0	static,ignoring_inline_asm
stm32f1_sys.c:659:6:NMI_Handler	8	static
stm32f1_sys.c:664:6:SVC_Handler	8	static
stm32f1_sys.c:669:6:DebugMon_Handler	8	static
stm32f1_sys.c:674:6:PendSV_Handler	8	static
