stm32f1_weak_it.c:12:13:NMI_Handler	8	static
stm32f1_weak_it.c:18:13:HardFault_Handler	8	static
stm32f1_weak_it.c:24:13:MemManage_Handler	8	static
stm32f1_weak_it.c:30:13:BusFault_Handler	8	static
stm32f1_weak_it.c:36:13:UsageFault_Handler	8	static
stm32f1_weak_it.c:42:13:SVC_Handler	8	static
stm32f1_weak_it.c:48:13:DebugMon_Handler	8	static
stm32f1_weak_it.c:54:13:PendSV_Handler	8	static
stm32f1_weak_it.c:60:13:SysTick_Handler	8	static
stm32f1_weak_it.c:66:13:WWDG_IRQHandler	8	static
stm32f1_weak_it.c:72:13:PVD_IRQHandler	8	static
stm32f1_weak_it.c:78:13:TAMPER_IRQHandler	8	static
stm32f1_weak_it.c:84:13:RTC_IRQHandler	8	static
stm32f1_weak_it.c:90:13:FLASH_IRQHandler	8	static
stm32f1_weak_it.c:96:13:RCC_IRQHandler	8	static
stm32f1_weak_it.c:102:13:EXTI0_IRQHandler	8	static
stm32f1_weak_it.c:108:13:EXTI1_IRQHandler	8	static
stm32f1_weak_it.c:114:13:EXTI2_IRQHandler	8	static
stm32f1_weak_it.c:120:13:EXTI3_IRQHandler	8	static
stm32f1_weak_it.c:126:13:EXTI4_IRQHandler	8	static
stm32f1_weak_it.c:132:13:DMA1_Channel1_IRQHandler	8	static
stm32f1_weak_it.c:138:13:DMA1_Channel2_IRQHandler	8	static
stm32f1_weak_it.c:144:13:DMA1_Channel3_IRQHandler	8	static
stm32f1_weak_it.c:150:13:DMA1_Channel4_IRQHandler	8	static
stm32f1_weak_it.c:156:13:DMA1_Channel5_IRQHandler	8	static
stm32f1_weak_it.c:162:13:DMA1_Channel6_IRQHandler	8	static
stm32f1_weak_it.c:168:13:DMA1_Channel7_IRQHandler	8	static
stm32f1_weak_it.c:174:13:ADC1_2_IRQHandler	8	static
stm32f1_weak_it.c:180:13:USB_HP_CAN1_TX_IRQHandler	8	static
stm32f1_weak_it.c:186:13:USB_LP_CAN1_RX0_IRQHandler	8	static
stm32f1_weak_it.c:192:13:CAN1_RX1_IRQHandler	8	static
stm32f1_weak_it.c:198:13:CAN1_SCE_IRQHandler	8	static
stm32f1_weak_it.c:204:13:EXTI9_5_IRQHandler	8	static
stm32f1_weak_it.c:210:13:TIM1_BRK_IRQHandler	8	static
stm32f1_weak_it.c:216:13:TIM1_UP_IRQHandler	8	static
stm32f1_weak_it.c:222:13:TIM1_TRG_COM_IRQHandler	8	static
stm32f1_weak_it.c:228:13:TIM1_CC_IRQHandler	8	static
stm32f1_weak_it.c:234:13:TIM2_IRQHandler	8	static
stm32f1_weak_it.c:240:13:TIM3_IRQHandler	8	static
stm32f1_weak_it.c:246:13:TIM4_IRQHandler	8	static
stm32f1_weak_it.c:252:13:I2C1_EV_IRQHandler	8	static
stm32f1_weak_it.c:258:13:I2C1_ER_IRQHandler	8	static
stm32f1_weak_it.c:264:13:I2C2_EV_IRQHandler	8	static
stm32f1_weak_it.c:270:13:I2C2_ER_IRQHandler	8	static
stm32f1_weak_it.c:276:13:SPI1_IRQHandler	8	static
stm32f1_weak_it.c:282:13:SPI2_IRQHandler	8	static
stm32f1_weak_it.c:288:13:USART1_IRQHandler	8	static
stm32f1_weak_it.c:294:13:USART2_IRQHandler	8	static
stm32f1_weak_it.c:300:13:USART3_IRQHandler	8	static
stm32f1_weak_it.c:306:13:EXTI15_10_IRQHandler	8	static
stm32f1_weak_it.c:312:13:RTC_Alarm_IRQHandler	8	static
stm32f1_weak_it.c:318:13:USBWakeUp_IRQHandler	8	static
