stm32f1xx_ll_rcc.h:770:22:LL_RCC_HSE_EnableBypass	4	static
stm32f1xx_ll_rcc.h:780:22:LL_RCC_HSE_DisableBypass	4	static
stm32f1xx_ll_rcc.h:790:22:LL_RCC_HSE_Enable	4	static
stm32f1xx_ll_rcc.h:810:26:LL_RCC_HSE_IsReady	4	static
stm32f1xx_ll_rcc.h:856:22:LL_RCC_HSI_Enable	4	static
stm32f1xx_ll_rcc.h:876:26:LL_RCC_HSI_IsReady	4	static
stm32f1xx_ll_rcc.h:1030:22:LL_RCC_SetSysClkSource	16	static
stm32f1xx_ll_rcc.h:1043:26:LL_RCC_GetSysClkSource	4	static
stm32f1xx_ll_rcc.h:1063:22:LL_RCC_SetAHBPrescaler	16	static
stm32f1xx_ll_rcc.h:1079:22:LL_RCC_SetAPB1Prescaler	16	static
stm32f1xx_ll_rcc.h:1095:22:LL_RCC_SetAPB2Prescaler	16	static
stm32f1xx_ll_rcc.h:1114:26:LL_RCC_GetAHBPrescaler	4	static
stm32f1xx_ll_rcc.h:1403:22:LL_RCC_PLL_Enable	4	static
stm32f1xx_ll_rcc.h:1424:26:LL_RCC_PLL_IsReady	4	static
stm32f1xx_ll_rcc.h:1493:22:LL_RCC_PLL_ConfigDomain_SYS	16	static
stm32f1xx_ll_utils.h:234:22:LL_InitTick	16	static
stm32f1xx_ll_system.h:486:22:LL_FLASH_SetLatency	16	static
stm32f1xx_ll_system.h:499:26:LL_FLASH_GetLatency	4	static
stm32f1xx_ll_utils.c:184:6:LL_Init1msTick	16	static
stm32f1xx_ll_utils.c:200:6:LL_mDelay	24	static
stm32f1xx_ll_utils.c:258:6:LL_SetSystemCoreClock	16	static
stm32f1xx_ll_utils.c:281:13:LL_PLL_ConfigSystemClock_HSI	24	static
stm32f1xx_ll_utils.c:346:13:LL_PLL_ConfigSystemClock_HSE	32	static
stm32f1xx_ll_utils.c:420:20:UTILS_SetFlashLatency	24	static
stm32f1xx_ll_utils.c:468:17:UTILS_GetPLLOutputFrequency	24	static
stm32f1xx_ll_utils.c:494:20:UTILS_PLL_IsBusy	16	static
stm32f1xx_ll_utils.c:534:20:UTILS_EnablePLLAndSwitchSystem	32	static
