19:17:38 **** Incremental Build of configuration Debug for project project-f103 ****
make all 
arm-none-eabi-gcc "../appli/main.c" -mcpu=cortex-m3 -std=gnu11 -g3 -DSTM32F1 -DNUCLEO_F103RB -DSTM32F103RBTx -DSTM32 -DDEBUG -DUSE_HAL_DRIVER -DSTM32F103xB -c -I../lib/bsp -I../lib//middleware/MIDI/ -I../lib/bsp/VL53L0X -I../lib/bsp/MPU6050 -I../lib/bsp/iks01a1 -I../lib/bsp/iks01a1/Common -I../lib/bsp/iks01a1/hts221 -I../lib/bsp/iks01a1/lis3mdl -I../lib/bsp/iks01a1/lps22hb -I../lib/bsp/iks01a1/lps25hb -I../lib/bsp/iks01a1/lsm6ds0 -I../lib/bsp/iks01a1/lsm6ds3 -I../lib/bsp/tft_ili9341 -I../lib/bsp/tft_pcd8544 -I../lib/bsp/MCP23S17 -I../lib/hal/inc -I../lib/bsp/Common -I../lib/bsp/lcd2x16 -I../lib/bsp/MLX90614 -I../lib/bsp/MatrixKeyboard -I../lib/bsp/MatrixLed -I../lib/CMSIS/core -I../lib/CMSIS/device -I../lib/middleware/FatFs -I../lib/middleware/FatFs/src -I../lib/middleware/FatFs/src/drivers -I../appli -O0 -ffunction-sections -fdata-sections -Wall -Wextra -Wconversion -fstack-usage -MMD -MP -MF"appli/main.d" -MT"appli/main.o"  -mfloat-abi=soft -mthumb -o "appli/main.o"
../appli/main.c: In function 'process_ms':
../appli/main.c:17:6: warning: comparison is always false due to limited range of data type [-Wtype-limits]
   17 |  if(t>1000){
      |      ^
../appli/main.c: At top level:
../appli/main.c:26:6: warning: return type of 'main' is not 'int' [-Wmain]
   26 | void main(){
      |      ^~~~
arm-none-eabi-gcc -o "project-f103.elf" @"objects.list"  -lc -lrdimon -mcpu=cortex-m3 -T"..\lib\LinkerScript.ld" -Wl,-Map="project-f103.map" -Wl,--gc-sections -static -Wl,--start-group -lc -lrdimon -Wl,--end-group -u_printf_float -specs=rdimon.specs  -mfloat-abi=soft -mthumb -Wl,--start-group -lc -lm -Wl,--end-group
Finished building target: project-f103.elf
 
arm-none-eabi-objdump -h -S  project-f103.elf  > "project-f103.list"
Finished building: project-f103.list
 
arm-none-eabi-objcopy  -O binary  project-f103.elf  "project-f103.bin"
Finished building: project-f103.bin
 
arm-none-eabi-size   project-f103.elf 
   text	   data	    bss	    dec	    hex	filename
  53208	   2524	   3448	  59180	   e72c	project-f103.elf
Finished building: default.size.stdout
 
19:17:49 **** Incremental Build of configuration Debug for project project-f103 ****
make all 
arm-none-eabi-size   project-f103.elf 
   text	   data	    bss	    dec	    hex	filename
  53208	   2524	   3448	  59180	   e72c	project-f103.elf
Finished building: default.size.stdout
 
19:18:29 **** Incremental Build of configuration Debug for project project-f103 ****
make all 
arm-none-eabi-size   project-f103.elf 
   text	   data	    bss	    dec	    hex	filename
  53208	   2524	   3448	  59180	   e72c	project-f103.elf
Finished building: default.size.stdout
 
19:19:19 **** Incremental Build of configuration Debug for project project-f103 ****
make all 
arm-none-eabi-gcc "../appli/main.c" -mcpu=cortex-m3 -std=gnu11 -g3 -DSTM32F1 -DNUCLEO_F103RB -DSTM32F103RBTx -DSTM32 -DDEBUG -DUSE_HAL_DRIVER -DSTM32F103xB -c -I../lib/bsp -I../lib//middleware/MIDI/ -I../lib/bsp/VL53L0X -I../lib/bsp/MPU6050 -I../lib/bsp/iks01a1 -I../lib/bsp/iks01a1/Common -I../lib/bsp/iks01a1/hts221 -I../lib/bsp/iks01a1/lis3mdl -I../lib/bsp/iks01a1/lps22hb -I../lib/bsp/iks01a1/lps25hb -I../lib/bsp/iks01a1/lsm6ds0 -I../lib/bsp/iks01a1/lsm6ds3 -I../lib/bsp/tft_ili9341 -I../lib/bsp/tft_pcd8544 -I../lib/bsp/MCP23S17 -I../lib/hal/inc -I../lib/bsp/Common -I../lib/bsp/lcd2x16 -I../lib/bsp/MLX90614 -I../lib/bsp/MatrixKeyboard -I../lib/bsp/MatrixLed -I../lib/CMSIS/core -I../lib/CMSIS/device -I../lib/middleware/FatFs -I../lib/middleware/FatFs/src -I../lib/middleware/FatFs/src/drivers -I../appli -O0 -ffunction-sections -fdata-sections -Wall -Wextra -Wconversion -fstack-usage -MMD -MP -MF"appli/main.d" -MT"appli/main.o"  -mfloat-abi=soft -mthumb -o "appli/main.o"
../appli/main.c:26:6: warning: return type of 'main' is not 'int' [-Wmain]
   26 | void main(){
      |      ^~~~
arm-none-eabi-gcc -o "project-f103.elf" @"objects.list"  -lc -lrdimon -mcpu=cortex-m3 -T"..\lib\LinkerScript.ld" -Wl,-Map="project-f103.map" -Wl,--gc-sections -static -Wl,--start-group -lc -lrdimon -Wl,--end-group -u_printf_float -specs=rdimon.specs  -mfloat-abi=soft -mthumb -Wl,--start-group -lc -lm -Wl,--end-group
Finished building target: project-f103.elf
 
arm-none-eabi-objdump -h -S  project-f103.elf  > "project-f103.list"
Finished building: project-f103.list
 
arm-none-eabi-objcopy  -O binary  project-f103.elf  "project-f103.bin"
Finished building: project-f103.bin
 
arm-none-eabi-size   project-f103.elf 
   text	   data	    bss	    dec	    hex	filename
  53232	   2524	   3448	  59204	   e744	project-f103.elf
Finished building: default.size.stdout
 
19:20:41 **** Incremental Build of configuration Debug for project project-f103 ****
make all 
arm-none-eabi-gcc "../appli/main.c" -mcpu=cortex-m3 -std=gnu11 -g3 -DSTM32F1 -DNUCLEO_F103RB -DSTM32F103RBTx -DSTM32 -DDEBUG -DUSE_HAL_DRIVER -DSTM32F103xB -c -I../lib/bsp -I../lib//middleware/MIDI/ -I../lib/bsp/VL53L0X -I../lib/bsp/MPU6050 -I../lib/bsp/iks01a1 -I../lib/bsp/iks01a1/Common -I../lib/bsp/iks01a1/hts221 -I../lib/bsp/iks01a1/lis3mdl -I../lib/bsp/iks01a1/lps22hb -I../lib/bsp/iks01a1/lps25hb -I../lib/bsp/iks01a1/lsm6ds0 -I../lib/bsp/iks01a1/lsm6ds3 -I../lib/bsp/tft_ili9341 -I../lib/bsp/tft_pcd8544 -I../lib/bsp/MCP23S17 -I../lib/hal/inc -I../lib/bsp/Common -I../lib/bsp/lcd2x16 -I../lib/bsp/MLX90614 -I../lib/bsp/MatrixKeyboard -I../lib/bsp/MatrixLed -I../lib/CMSIS/core -I../lib/CMSIS/device -I../lib/middleware/FatFs -I../lib/middleware/FatFs/src -I../lib/middleware/FatFs/src/drivers -I../appli -O0 -ffunction-sections -fdata-sections -Wall -Wextra -Wconversion -fstack-usage -MMD -MP -MF"appli/main.d" -MT"appli/main.o"  -mfloat-abi=soft -mthumb -o "appli/main.o"
../appli/main.c: In function 'process_ms':
../appli/main.c:17:6: warning: comparison is always false due to limited range of data type [-Wtype-limits]
   17 |  if(t>1000){
      |      ^
../appli/main.c: At top level:
../appli/main.c:26:6: warning: return type of 'main' is not 'int' [-Wmain]
   26 | void main(){
      |      ^~~~
arm-none-eabi-gcc -o "project-f103.elf" @"objects.list"  -lc -lrdimon -mcpu=cortex-m3 -T"..\lib\LinkerScript.ld" -Wl,-Map="project-f103.map" -Wl,--gc-sections -static -Wl,--start-group -lc -lrdimon -Wl,--end-group -u_printf_float -specs=rdimon.specs  -mfloat-abi=soft -mthumb -Wl,--start-group -lc -lm -Wl,--end-group
Finished building target: project-f103.elf
 
arm-none-eabi-objdump -h -S  project-f103.elf  > "project-f103.list"
Finished building: project-f103.list
 
arm-none-eabi-objcopy  -O binary  project-f103.elf  "project-f103.bin"
Finished building: project-f103.bin
 
arm-none-eabi-size   project-f103.elf 
   text	   data	    bss	    dec	    hex	filename
  53208	   2524	   3448	  59180	   e72c	project-f103.elf
Finished building: default.size.stdout
 
19:23:43 **** Incremental Build of configuration Debug for project project-f103 ****
make all 
arm-none-eabi-gcc "../appli/main.c" -mcpu=cortex-m3 -std=gnu11 -g3 -DSTM32F1 -DNUCLEO_F103RB -DSTM32F103RBTx -DSTM32 -DDEBUG -DUSE_HAL_DRIVER -DSTM32F103xB -c -I../lib/bsp -I../lib//middleware/MIDI/ -I../lib/bsp/VL53L0X -I../lib/bsp/MPU6050 -I../lib/bsp/iks01a1 -I../lib/bsp/iks01a1/Common -I../lib/bsp/iks01a1/hts221 -I../lib/bsp/iks01a1/lis3mdl -I../lib/bsp/iks01a1/lps22hb -I../lib/bsp/iks01a1/lps25hb -I../lib/bsp/iks01a1/lsm6ds0 -I../lib/bsp/iks01a1/lsm6ds3 -I../lib/bsp/tft_ili9341 -I../lib/bsp/tft_pcd8544 -I../lib/bsp/MCP23S17 -I../lib/hal/inc -I../lib/bsp/Common -I../lib/bsp/lcd2x16 -I../lib/bsp/MLX90614 -I../lib/bsp/MatrixKeyboard -I../lib/bsp/MatrixLed -I../lib/CMSIS/core -I../lib/CMSIS/device -I../lib/middleware/FatFs -I../lib/middleware/FatFs/src -I../lib/middleware/FatFs/src/drivers -I../appli -O0 -ffunction-sections -fdata-sections -Wall -Wextra -Wconversion -fstack-usage -MMD -MP -MF"appli/main.d" -MT"appli/main.o"  -mfloat-abi=soft -mthumb -o "appli/main.o"
../appli/main.c:26:6: warning: return type of 'main' is not 'int' [-Wmain]
   26 | void main(){
      |      ^~~~
arm-none-eabi-gcc -o "project-f103.elf" @"objects.list"  -lc -lrdimon -mcpu=cortex-m3 -T"..\lib\LinkerScript.ld" -Wl,-Map="project-f103.map" -Wl,--gc-sections -static -Wl,--start-group -lc -lrdimon -Wl,--end-group -u_printf_float -specs=rdimon.specs  -mfloat-abi=soft -mthumb -Wl,--start-group -lc -lm -Wl,--end-group
Finished building target: project-f103.elf
 
arm-none-eabi-objdump -h -S  project-f103.elf  > "project-f103.list"
Finished building: project-f103.list
 
arm-none-eabi-objcopy  -O binary  project-f103.elf  "project-f103.bin"
Finished building: project-f103.bin
 
arm-none-eabi-size   project-f103.elf 
   text	   data	    bss	    dec	    hex	filename
  53232	   2524	   3448	  59204	   e744	project-f103.elf
Finished building: default.size.stdout
 
