18:23:28 **** Incremental Build of configuration Debug for project TM1637-Driver ****
make -j4 all 
arm-none-eabi-gcc "../Core/Src/main.c" -mcpu=cortex-m3 -std=gnu11 -g3 -DUSE_HAL_DRIVER -DSTM32F103xB -DDEBUG -c -I../Core/Inc -I../Drivers/STM32F1xx_HAL_Driver/Inc -I../Drivers/STM32F1xx_HAL_Driver/Inc/Legacy -I../Drivers/CMSIS/Device/ST/STM32F1xx/Include -I../Drivers/CMSIS/Include -O0 -ffunction-sections -fdata-sections -Wall -fstack-usage -MMD -MP -MF"Core/Src/main.d" -MT"Core/Src/main.o" --specs=nano.specs -mfloat-abi=soft -mthumb -o "Core/Src/main.o"
arm-none-eabi-gcc -o "TM1637-Driver.elf" @"objects.list"   -mcpu=cortex-m3 -T"C:\Users\ahdel\Desktop\ESEO\I1\DEEP\projet_hollow_clock_altium\workspace\TM1637-Driver\STM32F103C8TX_FLASH.ld" --specs=nosys.specs -Wl,-Map="TM1637-Driver.map" -Wl,--gc-sections -static --specs=nano.specs -mfloat-abi=soft -mthumb -Wl,--start-group -lc -lm -Wl,--end-group
Finished building target: TM1637-Driver.elf
 
arm-none-eabi-objdump -h -S  TM1637-Driver.elf  > "TM1637-Driver.list"
arm-none-eabi-objcopy  -O ihex  TM1637-Driver.elf  "TM1637-Driver.hex"
arm-none-eabi-objcopy  -O binary  TM1637-Driver.elf  "TM1637-Driver.bin"
arm-none-eabi-size   TM1637-Driver.elf 
   text	   data	    bss	    dec	    hex	filename
   7400	     24	   1672	   9096	   2388	TM1637-Driver.elf
Finished building: default.size.stdout
Finished building: TM1637-Driver.bin
Finished building: TM1637-Driver.hex
 
Finished building: TM1637-Driver.list
 
 
 

18:23:31 Build Finished. 0 errors, 0 warnings. (took 2s.889ms)

